// Jest Snapshot v1, https://goo.gl/fbAQLP

exports[`Button Style Element should create a style structure for the component 1`] = `
<StyledComponent
  forwardedComponent={
    Object {
      "$$typeof": Symbol(react.forward_ref),
      "attrs": Array [],
      "componentStyle": ComponentStyle {
        "componentId": "sc-bdVaJa",
        "isStatic": true,
        "rules": Array [
          "
  background-color: #30393c;
  color: #fff;
  border-radius: 5px;
  height: 25px;
  padding: 0 20px;
  &:hover {
    cursor: pointer;
  }
  &:focus {
    outline: none;
  }
  &:disabled {
    cursor: default;
    background-color: #797e80;
  }
",
        ],
      },
      "displayName": "styled.button",
      "foldedComponentIds": Array [],
      "render": [Function],
      "styledComponentId": "sc-bdVaJa",
      "target": "button",
      "toString": [Function],
      "warnTooManyClasses": [Function],
      "withComponent": [Function],
    }
  }
  forwardedRef={null}
/>
`;
