// Jest Snapshot v1, https://goo.gl/fbAQLP

exports[`Button Style Element should create a style structure for the component 1`] = `
<StyledComponent
  forwardedComponent={
    Object {
      "$$typeof": Symbol(react.forward_ref),
      "attrs": Array [],
      "componentStyle": ComponentStyle {
        "componentId": "sc-bdVaJa",
        "isStatic": false,
        "rules": Array [
          "
  @import url('https://fonts.googleapis.com/css?family=Lato:400,700');
  font-family: 'Lato', sans-serif;
  background-color: ",
          [Function],
          ";
  padding: 0.5rem;
  display: flex;
  flex-direction: column;
  justify-content: center;
  align-items: center;
  width: 700px;
  margin: 0 auto;
",
        ],
      },
      "displayName": "Container",
      "foldedComponentIds": Array [],
      "render": [Function],
      "styledComponentId": "sc-bdVaJa",
      "target": "section",
      "toString": [Function],
      "warnTooManyClasses": [Function],
      "withComponent": [Function],
    }
  }
  forwardedRef={null}
/>
`;
